// Jest Snapshot v1, https://goo.gl/fbAQLP

exports[`Prueba de CounterApp Debe de hacer match con el snapshot 1`] = `
<div>
  <h1>
    CounterApp
  </h1>
  <p>
    1
  </p>
  <button>
    +1
  </button>
  <button>
    -1
  </button>
  <button>
    Reset
  </button>
</div>
`;
